[{"_id":"69c2204e8f3dc39e6c44c8ae","name":"MYNA","email":"myna@gmail.com","role":"staff","createdAt":"2026-03-24T05:25:34.797Z","updatedAt":"2026-03-24T05:25:34.797Z","__v":0},{"_id":"69c221eba3fc77b478b7ef21","name":"PRADEEP S","email":"pradeep@gmail.com","role":"student","createdAt":"2026-03-24T05:32:27.940Z","updatedAt":"2026-03-24T05:32:27.940Z","__v":0},{"_id":"69c247c0738a34d3267ac61e","name":"RAVI","email":"ravi@gmail.com","role":"student","createdAt":"2026-03-24T08:13:52.201Z","updatedAt":"2026-03-24T08:13:52.201Z","__v":0},{"_id":"69c248c5738a34d3267ac626","name":"ADMIN","email":"admin@gmail.com","role":"admin","createdAt":"2026-03-24T08:18:13.826Z","updatedAt":"2026-03-24T08:18:13.826Z","__v":0},{"_id":"69c24938738a34d3267ac62d","name":"STAFF2","email":"staff1@gmail.com","role":"staff","createdAt":"2026-03-24T08:20:08.843Z","updatedAt":"2026-03-24T08:20:08.843Z","__v":0}]
[{"_id":"69c221eca3fc77b478b7ef23","userId":"69c221eba3fc77b478b7ef21","name":"PRADEEP S","email":"pradeep@gmail.com","semester":"7","department":"CSE","rollno":"7376232ad212","dob":"2006-08-26T00:00:00.000Z","createdAt":"2026-03-24T05:32:28.110Z","updatedAt":"2026-03-24T05:32:28.110Z","__v":0},{"_id":"69c247c0738a34d3267ac620","userId":"69c247c0738a34d3267ac61e","name":"RAVI","email":"ravi@gmail.com","semester":"4","department":"CSE","rollno":"222ad212","dob":"2006-12-31T00:00:00.000Z","createdAt":"2026-03-24T08:13:52.521Z","updatedAt":"2026-03-24T08:13:52.521Z","__v":0}]